// Jest Snapshot v1, https://goo.gl/fbAQLP

exports[`matches snapshot 1`] = `
<div
  className="d-flex flex-wrap"
>
  <Pokecard
    experience={62}
    id={4}
    name="Charmander"
    type="fire"
  />
  <Pokecard
    experience={63}
    id={7}
    name="Squirtle"
    type="water"
  />
  <Pokecard
    experience={72}
    id={11}
    name="Metapod"
    type="bug"
  />
  <Pokecard
    experience={178}
    id={12}
    name="Butterfree"
    type="flying"
  />
  <Pokecard
    experience={112}
    id={25}
    name="Pikachu"
    type="electric"
  />
  <Pokecard
    experience={95}
    id={39}
    name="Jigglypuff"
    type="normal"
  />
  <Pokecard
    experience={225}
    id={94}
    name="Gengar"
    type="poison"
  />
  <Pokecard
    experience={65}
    id={133}
    name="Eevee"
    type="normal"
  />
</div>
`;
